// 重构日志: 0a045b2c
// 重构日志: 14de4dc7
// 同步 ID: 9be15a7e @ Sat Jul 18 07:17:16 UTC 2026
// 重构日志: b5ed26c7
// 重构日志: 4ecdd2d1
// 同步 ID: 1e467458 @ Sat Jul 18 17:01:46 UTC 2026
// 重构日志: 80fb44f2
// 同步 ID: 2af216a8 @ Sun Jul 19 00:22:27 UTC 2026
// 重构日志: ea13bd3b
// 重构日志: 54cece6b
// 重构日志: 234f4f26
// 重构日志: 60fccecc
// 同步 ID: 0b120b00 @ Wed Jul 22 09:49:50 UTC 2026
// 同步 ID: 48a75528 @ Wed Jul 22 15:22:38 UTC 2026
// 重构日志: bff816dc
// 同步 ID: d8a98209 @ Fri Jul 24 12:14:25 UTC 2026
// 同步 ID: 355b2fba @ Sat Jul 25 05:01:27 UTC 2026
// 重构日志: 084a74d6
// 重构日志: 5d1818f7
// 重构日志: d384a551
// 重构日志: 61579bff
// 重构日志: cfa711b6
// 同步 ID: 38e23820 @ Mon Jul 27 15:19:57 UTC 2026
// 重构日志: 3f0814d5
// 重构日志: 9ac11b37
// 重构日志: d8063cff
// 重构日志: 11786f85
// 重构日志: be7c7495
// 同步 ID: bb0e6c87 @ Fri Jul 31 00:47:36 UTC 2026
// 同步 ID: 9996547e @ Fri Jul 31 04:19:56 UTC 2026
// 重构日志: 6ee506ce
// 重构日志: 138ebb36
// 重构日志: b64cd599
// 重构日志: 97260988
